0 verbose cli C:\Program Files\nodejs\node.exe C:\Program Files\nodejs\node_modules\npm\bin\npm-cli.js
1 info using npm@10.9.3
2 info using node@v22.20.0
3 silly config load:file:C:\Program Files\nodejs\node_modules\npm\npmrc
4 silly config load:file:C:\xampp\htdocs\finhubungins-main\.npmrc
5 silly config load:file:C:\Users\chris\.npmrc
6 silly config load:file:C:\xampp\htdocs\finhubungins-main\%APPDATA%\npm\etc\npmrc
7 verbose title npm install
8 verbose argv "install"
9 verbose logfile logs-max:10 dir:C:\xampp\htdocs\finhubungins-main\%LOCALAPPDATA%\npm-cache\_logs\2026-04-03T00_40_12_269Z-
10 verbose logfile C:\xampp\htdocs\finhubungins-main\%LOCALAPPDATA%\npm-cache\_logs\2026-04-03T00_40_12_269Z-debug-0.log
11 silly logfile start cleaning logs, removing 1 files
12 silly packumentCache heap:4345298944 maxSize:1086324736 maxEntrySize:543162368
13 silly logfile done cleaning log files
14 silly idealTree buildDeps
15 silly reify moves {}
16 verbose reify failed optional dependency C:\xampp\htdocs\finhubungins-main\node_modules\@tailwindcss\oxide-wasm32-wasi
17 silly reify mark deleted [
17 silly reify   'C:\\xampp\\htdocs\\finhubungins-main\\node_modules\\@tailwindcss\\oxide-wasm32-wasi'
17 silly reify ]
18 silly audit bulk request {
18 silly audit   '@esbuild/aix-ppc64': [ '0.21.5' ],
18 silly audit   '@esbuild/android-arm': [ '0.21.5' ],
18 silly audit   '@esbuild/android-arm64': [ '0.21.5' ],
18 silly audit   '@esbuild/android-x64': [ '0.21.5' ],
18 silly audit   '@esbuild/darwin-arm64': [ '0.21.5' ],
18 silly audit   '@esbuild/darwin-x64': [ '0.21.5' ],
18 silly audit   '@esbuild/freebsd-arm64': [ '0.21.5' ],
18 silly audit   '@esbuild/freebsd-x64': [ '0.21.5' ],
18 silly audit   '@esbuild/linux-arm': [ '0.21.5' ],
18 silly audit   '@esbuild/linux-arm64': [ '0.21.5' ],
18 silly audit   '@esbuild/linux-ia32': [ '0.21.5' ],
18 silly audit   '@esbuild/linux-loong64': [ '0.21.5' ],
18 silly audit   '@esbuild/linux-mips64el': [ '0.21.5' ],
18 silly audit   '@esbuild/linux-ppc64': [ '0.21.5' ],
18 silly audit   '@esbuild/linux-riscv64': [ '0.21.5' ],
18 silly audit   '@esbuild/linux-s390x': [ '0.21.5' ],
18 silly audit   '@esbuild/linux-x64': [ '0.21.5' ],
18 silly audit   '@esbuild/netbsd-x64': [ '0.21.5' ],
18 silly audit   '@esbuild/openbsd-x64': [ '0.21.5' ],
18 silly audit   '@esbuild/sunos-x64': [ '0.21.5' ],
18 silly audit   '@esbuild/win32-arm64': [ '0.21.5' ],
18 silly audit   '@esbuild/win32-ia32': [ '0.21.5' ],
18 silly audit   '@esbuild/win32-x64': [ '0.21.5' ],
18 silly audit   '@jridgewell/gen-mapping': [ '0.3.13' ],
18 silly audit   '@jridgewell/remapping': [ '2.3.5' ],
18 silly audit   '@jridgewell/resolve-uri': [ '3.1.2' ],
18 silly audit   '@jridgewell/sourcemap-codec': [ '1.5.5' ],
18 silly audit   '@jridgewell/trace-mapping': [ '0.3.31' ],
18 silly audit   '@rollup/rollup-android-arm-eabi': [ '4.53.3' ],
18 silly audit   '@rollup/rollup-android-arm64': [ '4.53.3' ],
18 silly audit   '@rollup/rollup-darwin-arm64': [ '4.53.3' ],
18 silly audit   '@rollup/rollup-darwin-x64': [ '4.53.3' ],
18 silly audit   '@rollup/rollup-freebsd-arm64': [ '4.53.3' ],
18 silly audit   '@rollup/rollup-freebsd-x64': [ '4.53.3' ],
18 silly audit   '@rollup/rollup-linux-arm-gnueabihf': [ '4.53.3' ],
18 silly audit   '@rollup/rollup-linux-arm-musleabihf': [ '4.53.3' ],
18 silly audit   '@rollup/rollup-linux-arm64-gnu': [ '4.53.3' ],
18 silly audit   '@rollup/rollup-linux-arm64-musl': [ '4.53.3' ],
18 silly audit   '@rollup/rollup-linux-loong64-gnu': [ '4.53.3' ],
18 silly audit   '@rollup/rollup-linux-ppc64-gnu': [ '4.53.3' ],
18 silly audit   '@rollup/rollup-linux-riscv64-gnu': [ '4.53.3' ],
18 silly audit   '@rollup/rollup-linux-riscv64-musl': [ '4.53.3' ],
18 silly audit   '@rollup/rollup-linux-s390x-gnu': [ '4.53.3' ],
18 silly audit   '@rollup/rollup-linux-x64-gnu': [ '4.53.3' ],
18 silly audit   '@rollup/rollup-linux-x64-musl': [ '4.53.3' ],
18 silly audit   '@rollup/rollup-openharmony-arm64': [ '4.53.3' ],
18 silly audit   '@rollup/rollup-win32-arm64-msvc': [ '4.53.3' ],
18 silly audit   '@rollup/rollup-win32-ia32-msvc': [ '4.53.3' ],
18 silly audit   '@rollup/rollup-win32-x64-gnu': [ '4.53.3' ],
18 silly audit   '@rollup/rollup-win32-x64-msvc': [ '4.53.3' ],
18 silly audit   '@tailwindcss/node': [ '4.1.17' ],
18 silly audit   '@tailwindcss/oxide': [ '4.1.17' ],
18 silly audit   '@tailwindcss/oxide-android-arm64': [ '4.1.17' ],
18 silly audit   '@tailwindcss/oxide-darwin-arm64': [ '4.1.17' ],
18 silly audit   '@tailwindcss/oxide-darwin-x64': [ '4.1.17' ],
18 silly audit   '@tailwindcss/oxide-freebsd-x64': [ '4.1.17' ],
18 silly audit   '@tailwindcss/oxide-linux-arm-gnueabihf': [ '4.1.17' ],
18 silly audit   '@tailwindcss/oxide-linux-arm64-gnu': [ '4.1.17' ],
18 silly audit   '@tailwindcss/oxide-linux-arm64-musl': [ '4.1.17' ],
18 silly audit   '@tailwindcss/oxide-linux-x64-gnu': [ '4.1.17' ],
18 silly audit   '@tailwindcss/oxide-linux-x64-musl': [ '4.1.17' ],
18 silly audit   '@tailwindcss/oxide-win32-arm64-msvc': [ '4.1.17' ],
18 silly audit   '@tailwindcss/oxide-win32-x64-msvc': [ '4.1.17' ],
18 silly audit   '@tailwindcss/vite': [ '4.1.17' ],
18 silly audit   '@types/estree': [ '1.0.8' ],
18 silly audit   asynckit: [ '0.4.0' ],
18 silly audit   autoprefixer: [ '10.4.22' ],
18 silly audit   axios: [ '1.13.2' ],
18 silly audit   'baseline-browser-mapping': [ '2.8.31' ],
18 silly audit   browserslist: [ '4.28.0' ],
18 silly audit   'call-bind-apply-helpers': [ '1.0.2' ],
18 silly audit   'caniuse-lite': [ '1.0.30001757' ],
18 silly audit   'combined-stream': [ '1.0.8' ],
18 silly audit   'delayed-stream': [ '1.0.0' ],
18 silly audit   'detect-libc': [ '2.1.2' ],
18 silly audit   'dunder-proto': [ '1.0.1' ],
18 silly audit   'electron-to-chromium': [ '1.5.260' ],
18 silly audit   'enhanced-resolve': [ '5.18.3' ],
18 silly audit   'es-define-property': [ '1.0.1' ],
18 silly audit   'es-errors': [ '1.3.0' ],
18 silly audit   'es-object-atoms': [ '1.1.1' ],
18 silly audit   'es-set-tostringtag': [ '2.1.0' ],
18 silly audit   esbuild: [ '0.21.5' ],
18 silly audit   escalade: [ '3.2.0' ],
18 silly audit   'follow-redirects': [ '1.15.11' ],
18 silly audit   'form-data': [ '4.0.5' ],
18 silly audit   'fraction.js': [ '5.3.4' ],
18 silly audit   fsevents: [ '2.3.3' ],
18 silly audit   'function-bind': [ '1.1.2' ],
18 silly audit   'get-intrinsic': [ '1.3.0' ],
18 silly audit   'get-proto': [ '1.0.1' ],
18 silly audit   gopd: [ '1.2.0' ],
18 silly audit   'graceful-fs': [ '4.2.11' ],
18 silly audit   'has-symbols': [ '1.1.0' ],
18 silly audit   'has-tostringtag': [ '1.0.2' ],
18 silly audit   hasown: [ '2.0.2' ],
18 silly audit   jiti: [ '2.6.1' ],
18 silly audit   'laravel-vite-plugin': [ '1.3.0' ],
18 silly audit   lightningcss: [ '1.30.2' ],
18 silly audit   'lightningcss-android-arm64': [ '1.30.2' ],
18 silly audit   'lightningcss-darwin-arm64': [ '1.30.2' ],
18 silly audit   'lightningcss-darwin-x64': [ '1.30.2' ],
18 silly audit   'lightningcss-freebsd-x64': [ '1.30.2' ],
18 silly audit   'lightningcss-linux-arm-gnueabihf': [ '1.30.2' ],
18 silly audit   'lightningcss-linux-arm64-gnu': [ '1.30.2' ],
18 silly audit   'lightningcss-linux-arm64-musl': [ '1.30.2' ],
18 silly audit   'lightningcss-linux-x64-gnu': [ '1.30.2' ],
18 silly audit   'lightningcss-linux-x64-musl': [ '1.30.2' ],
18 silly audit   'lightningcss-win32-arm64-msvc': [ '1.30.2' ],
18 silly audit   'lightningcss-win32-x64-msvc': [ '1.30.2' ],
18 silly audit   'magic-string': [ '0.30.21' ],
18 silly audit   'math-intrinsics': [ '1.1.0' ],
18 silly audit   'mime-db': [ '1.52.0' ],
18 silly audit   'mime-types': [ '2.1.35' ],
18 silly audit   nanoid: [ '3.3.11' ],
18 silly audit   'node-releases': [ '2.0.27' ],
18 silly audit   'normalize-range': [ '0.1.2' ],
18 silly audit   picocolors: [ '1.1.1' ],
18 silly audit   picomatch: [ '2.3.1' ],
18 silly audit   postcss: [ '8.5.6' ],
18 silly audit   'postcss-value-parser': [ '4.2.0' ],
18 silly audit   'proxy-from-env': [ '1.1.0' ],
18 silly audit   rollup: [ '4.53.3' ],
18 silly audit   'source-map-js': [ '1.2.1' ],
18 silly audit   tailwindcss: [ '4.1.17' ],
18 silly audit   tapable: [ '2.3.0' ],
18 silly audit   'update-browserslist-db': [ '1.1.4' ],
18 silly audit   vite: [ '5.4.21' ],
18 silly audit   'vite-plugin-full-reload': [ '1.2.0' ],
18 silly audit   '@tailwindcss/oxide-wasm32-wasi': [ '4.1.17' ]
18 silly audit }
19 verbose reify failed optional dependency C:\xampp\htdocs\finhubungins-main\node_modules\lightningcss-win32-arm64-msvc
20 silly reify mark deleted [
20 silly reify   'C:\\xampp\\htdocs\\finhubungins-main\\node_modules\\lightningcss-win32-arm64-msvc'
20 silly reify ]
21 verbose reify failed optional dependency C:\xampp\htdocs\finhubungins-main\node_modules\lightningcss-linux-x64-musl
22 silly reify mark deleted [
22 silly reify   'C:\\xampp\\htdocs\\finhubungins-main\\node_modules\\lightningcss-linux-x64-musl'
22 silly reify ]
23 verbose reify failed optional dependency C:\xampp\htdocs\finhubungins-main\node_modules\lightningcss-linux-x64-gnu
24 silly reify mark deleted [
24 silly reify   'C:\\xampp\\htdocs\\finhubungins-main\\node_modules\\lightningcss-linux-x64-gnu'
24 silly reify ]
25 verbose reify failed optional dependency C:\xampp\htdocs\finhubungins-main\node_modules\lightningcss-linux-arm64-musl
26 silly reify mark deleted [
26 silly reify   'C:\\xampp\\htdocs\\finhubungins-main\\node_modules\\lightningcss-linux-arm64-musl'
26 silly reify ]
27 verbose reify failed optional dependency C:\xampp\htdocs\finhubungins-main\node_modules\lightningcss-linux-arm64-gnu
28 silly reify mark deleted [
28 silly reify   'C:\\xampp\\htdocs\\finhubungins-main\\node_modules\\lightningcss-linux-arm64-gnu'
28 silly reify ]
29 verbose reify failed optional dependency C:\xampp\htdocs\finhubungins-main\node_modules\lightningcss-linux-arm-gnueabihf
30 silly reify mark deleted [
30 silly reify   'C:\\xampp\\htdocs\\finhubungins-main\\node_modules\\lightningcss-linux-arm-gnueabihf'
30 silly reify ]
31 verbose reify failed optional dependency C:\xampp\htdocs\finhubungins-main\node_modules\lightningcss-freebsd-x64
32 silly reify mark deleted [
32 silly reify   'C:\\xampp\\htdocs\\finhubungins-main\\node_modules\\lightningcss-freebsd-x64'
32 silly reify ]
33 verbose reify failed optional dependency C:\xampp\htdocs\finhubungins-main\node_modules\lightningcss-darwin-x64
34 silly reify mark deleted [
34 silly reify   'C:\\xampp\\htdocs\\finhubungins-main\\node_modules\\lightningcss-darwin-x64'
34 silly reify ]
35 verbose reify failed optional dependency C:\xampp\htdocs\finhubungins-main\node_modules\lightningcss-darwin-arm64
36 silly reify mark deleted [
36 silly reify   'C:\\xampp\\htdocs\\finhubungins-main\\node_modules\\lightningcss-darwin-arm64'
36 silly reify ]
37 verbose reify failed optional dependency C:\xampp\htdocs\finhubungins-main\node_modules\lightningcss-android-arm64
38 silly reify mark deleted [
38 silly reify   'C:\\xampp\\htdocs\\finhubungins-main\\node_modules\\lightningcss-android-arm64'
38 silly reify ]
39 verbose reify failed optional dependency C:\xampp\htdocs\finhubungins-main\node_modules\fsevents
40 silly reify mark deleted [ 'C:\\xampp\\htdocs\\finhubungins-main\\node_modules\\fsevents' ]
41 verbose reify failed optional dependency C:\xampp\htdocs\finhubungins-main\node_modules\@tailwindcss\oxide-win32-arm64-msvc
42 silly reify mark deleted [
42 silly reify   'C:\\xampp\\htdocs\\finhubungins-main\\node_modules\\@tailwindcss\\oxide-win32-arm64-msvc'
42 silly reify ]
43 verbose reify failed optional dependency C:\xampp\htdocs\finhubungins-main\node_modules\@tailwindcss\oxide-linux-x64-musl
44 silly reify mark deleted [
44 silly reify   'C:\\xampp\\htdocs\\finhubungins-main\\node_modules\\@tailwindcss\\oxide-linux-x64-musl'
44 silly reify ]
45 verbose reify failed optional dependency C:\xampp\htdocs\finhubungins-main\node_modules\@tailwindcss\oxide-linux-x64-gnu
46 silly reify mark deleted [
46 silly reify   'C:\\xampp\\htdocs\\finhubungins-main\\node_modules\\@tailwindcss\\oxide-linux-x64-gnu'
46 silly reify ]
47 verbose reify failed optional dependency C:\xampp\htdocs\finhubungins-main\node_modules\@tailwindcss\oxide-linux-arm64-musl
48 silly reify mark deleted [
48 silly reify   'C:\\xampp\\htdocs\\finhubungins-main\\node_modules\\@tailwindcss\\oxide-linux-arm64-musl'
48 silly reify ]
49 verbose reify failed optional dependency C:\xampp\htdocs\finhubungins-main\node_modules\@tailwindcss\oxide-linux-arm64-gnu
50 silly reify mark deleted [
50 silly reify   'C:\\xampp\\htdocs\\finhubungins-main\\node_modules\\@tailwindcss\\oxide-linux-arm64-gnu'
50 silly reify ]
51 verbose reify failed optional dependency C:\xampp\htdocs\finhubungins-main\node_modules\@tailwindcss\oxide-linux-arm-gnueabihf
52 silly reify mark deleted [
52 silly reify   'C:\\xampp\\htdocs\\finhubungins-main\\node_modules\\@tailwindcss\\oxide-linux-arm-gnueabihf'
52 silly reify ]
53 verbose reify failed optional dependency C:\xampp\htdocs\finhubungins-main\node_modules\@tailwindcss\oxide-freebsd-x64
54 silly reify mark deleted [
54 silly reify   'C:\\xampp\\htdocs\\finhubungins-main\\node_modules\\@tailwindcss\\oxide-freebsd-x64'
54 silly reify ]
55 verbose reify failed optional dependency C:\xampp\htdocs\finhubungins-main\node_modules\@tailwindcss\oxide-darwin-x64
56 silly reify mark deleted [
56 silly reify   'C:\\xampp\\htdocs\\finhubungins-main\\node_modules\\@tailwindcss\\oxide-darwin-x64'
56 silly reify ]
57 verbose reify failed optional dependency C:\xampp\htdocs\finhubungins-main\node_modules\@tailwindcss\oxide-darwin-arm64
58 silly reify mark deleted [
58 silly reify   'C:\\xampp\\htdocs\\finhubungins-main\\node_modules\\@tailwindcss\\oxide-darwin-arm64'
58 silly reify ]
59 verbose reify failed optional dependency C:\xampp\htdocs\finhubungins-main\node_modules\@tailwindcss\oxide-android-arm64
60 silly reify mark deleted [
60 silly reify   'C:\\xampp\\htdocs\\finhubungins-main\\node_modules\\@tailwindcss\\oxide-android-arm64'
60 silly reify ]
61 verbose reify failed optional dependency C:\xampp\htdocs\finhubungins-main\node_modules\@rollup\rollup-win32-ia32-msvc
62 silly reify mark deleted [
62 silly reify   'C:\\xampp\\htdocs\\finhubungins-main\\node_modules\\@rollup\\rollup-win32-ia32-msvc'
62 silly reify ]
63 verbose reify failed optional dependency C:\xampp\htdocs\finhubungins-main\node_modules\@rollup\rollup-win32-arm64-msvc
64 silly reify mark deleted [
64 silly reify   'C:\\xampp\\htdocs\\finhubungins-main\\node_modules\\@rollup\\rollup-win32-arm64-msvc'
64 silly reify ]
65 verbose reify failed optional dependency C:\xampp\htdocs\finhubungins-main\node_modules\@rollup\rollup-openharmony-arm64
66 silly reify mark deleted [
66 silly reify   'C:\\xampp\\htdocs\\finhubungins-main\\node_modules\\@rollup\\rollup-openharmony-arm64'
66 silly reify ]
67 verbose reify failed optional dependency C:\xampp\htdocs\finhubungins-main\node_modules\@rollup\rollup-linux-x64-musl
68 silly reify mark deleted [
68 silly reify   'C:\\xampp\\htdocs\\finhubungins-main\\node_modules\\@rollup\\rollup-linux-x64-musl'
68 silly reify ]
69 verbose reify failed optional dependency C:\xampp\htdocs\finhubungins-main\node_modules\@rollup\rollup-linux-x64-gnu
70 silly reify mark deleted [
70 silly reify   'C:\\xampp\\htdocs\\finhubungins-main\\node_modules\\@rollup\\rollup-linux-x64-gnu'
70 silly reify ]
71 verbose reify failed optional dependency C:\xampp\htdocs\finhubungins-main\node_modules\@rollup\rollup-linux-s390x-gnu
72 silly reify mark deleted [
72 silly reify   'C:\\xampp\\htdocs\\finhubungins-main\\node_modules\\@rollup\\rollup-linux-s390x-gnu'
72 silly reify ]
73 verbose reify failed optional dependency C:\xampp\htdocs\finhubungins-main\node_modules\@rollup\rollup-linux-riscv64-musl
74 silly reify mark deleted [
74 silly reify   'C:\\xampp\\htdocs\\finhubungins-main\\node_modules\\@rollup\\rollup-linux-riscv64-musl'
74 silly reify ]
75 verbose reify failed optional dependency C:\xampp\htdocs\finhubungins-main\node_modules\@rollup\rollup-linux-riscv64-gnu
76 silly reify mark deleted [
76 silly reify   'C:\\xampp\\htdocs\\finhubungins-main\\node_modules\\@rollup\\rollup-linux-riscv64-gnu'
76 silly reify ]
77 verbose reify failed optional dependency C:\xampp\htdocs\finhubungins-main\node_modules\@rollup\rollup-linux-ppc64-gnu
78 silly reify mark deleted [
78 silly reify   'C:\\xampp\\htdocs\\finhubungins-main\\node_modules\\@rollup\\rollup-linux-ppc64-gnu'
78 silly reify ]
79 verbose reify failed optional dependency C:\xampp\htdocs\finhubungins-main\node_modules\@rollup\rollup-linux-loong64-gnu
80 silly reify mark deleted [
80 silly reify   'C:\\xampp\\htdocs\\finhubungins-main\\node_modules\\@rollup\\rollup-linux-loong64-gnu'
80 silly reify ]
81 verbose reify failed optional dependency C:\xampp\htdocs\finhubungins-main\node_modules\@rollup\rollup-linux-arm64-musl
82 silly reify mark deleted [
82 silly reify   'C:\\xampp\\htdocs\\finhubungins-main\\node_modules\\@rollup\\rollup-linux-arm64-musl'
82 silly reify ]
83 verbose reify failed optional dependency C:\xampp\htdocs\finhubungins-main\node_modules\@rollup\rollup-linux-arm64-gnu
84 silly reify mark deleted [
84 silly reify   'C:\\xampp\\htdocs\\finhubungins-main\\node_modules\\@rollup\\rollup-linux-arm64-gnu'
84 silly reify ]
85 verbose reify failed optional dependency C:\xampp\htdocs\finhubungins-main\node_modules\@rollup\rollup-linux-arm-musleabihf
86 silly reify mark deleted [
86 silly reify   'C:\\xampp\\htdocs\\finhubungins-main\\node_modules\\@rollup\\rollup-linux-arm-musleabihf'
86 silly reify ]
87 verbose reify failed optional dependency C:\xampp\htdocs\finhubungins-main\node_modules\@rollup\rollup-linux-arm-gnueabihf
88 silly reify mark deleted [
88 silly reify   'C:\\xampp\\htdocs\\finhubungins-main\\node_modules\\@rollup\\rollup-linux-arm-gnueabihf'
88 silly reify ]
89 verbose reify failed optional dependency C:\xampp\htdocs\finhubungins-main\node_modules\@rollup\rollup-freebsd-x64
90 silly reify mark deleted [
90 silly reify   'C:\\xampp\\htdocs\\finhubungins-main\\node_modules\\@rollup\\rollup-freebsd-x64'
90 silly reify ]
91 verbose reify failed optional dependency C:\xampp\htdocs\finhubungins-main\node_modules\@rollup\rollup-freebsd-arm64
92 silly reify mark deleted [
92 silly reify   'C:\\xampp\\htdocs\\finhubungins-main\\node_modules\\@rollup\\rollup-freebsd-arm64'
92 silly reify ]
93 verbose reify failed optional dependency C:\xampp\htdocs\finhubungins-main\node_modules\@rollup\rollup-darwin-x64
94 silly reify mark deleted [
94 silly reify   'C:\\xampp\\htdocs\\finhubungins-main\\node_modules\\@rollup\\rollup-darwin-x64'
94 silly reify ]
95 verbose reify failed optional dependency C:\xampp\htdocs\finhubungins-main\node_modules\@rollup\rollup-darwin-arm64
96 silly reify mark deleted [
96 silly reify   'C:\\xampp\\htdocs\\finhubungins-main\\node_modules\\@rollup\\rollup-darwin-arm64'
96 silly reify ]
97 verbose reify failed optional dependency C:\xampp\htdocs\finhubungins-main\node_modules\@rollup\rollup-android-arm64
98 silly reify mark deleted [
98 silly reify   'C:\\xampp\\htdocs\\finhubungins-main\\node_modules\\@rollup\\rollup-android-arm64'
98 silly reify ]
99 verbose reify failed optional dependency C:\xampp\htdocs\finhubungins-main\node_modules\@rollup\rollup-android-arm-eabi
100 silly reify mark deleted [
100 silly reify   'C:\\xampp\\htdocs\\finhubungins-main\\node_modules\\@rollup\\rollup-android-arm-eabi'
100 silly reify ]
101 verbose reify failed optional dependency C:\xampp\htdocs\finhubungins-main\node_modules\@esbuild\win32-ia32
102 silly reify mark deleted [
102 silly reify   'C:\\xampp\\htdocs\\finhubungins-main\\node_modules\\@esbuild\\win32-ia32'
102 silly reify ]
103 verbose reify failed optional dependency C:\xampp\htdocs\finhubungins-main\node_modules\@esbuild\win32-arm64
104 silly reify mark deleted [
104 silly reify   'C:\\xampp\\htdocs\\finhubungins-main\\node_modules\\@esbuild\\win32-arm64'
104 silly reify ]
105 verbose reify failed optional dependency C:\xampp\htdocs\finhubungins-main\node_modules\@esbuild\sunos-x64
106 silly reify mark deleted [
106 silly reify   'C:\\xampp\\htdocs\\finhubungins-main\\node_modules\\@esbuild\\sunos-x64'
106 silly reify ]
107 verbose reify failed optional dependency C:\xampp\htdocs\finhubungins-main\node_modules\@esbuild\openbsd-x64
108 silly reify mark deleted [
108 silly reify   'C:\\xampp\\htdocs\\finhubungins-main\\node_modules\\@esbuild\\openbsd-x64'
108 silly reify ]
109 verbose reify failed optional dependency C:\xampp\htdocs\finhubungins-main\node_modules\@esbuild\netbsd-x64
110 silly reify mark deleted [
110 silly reify   'C:\\xampp\\htdocs\\finhubungins-main\\node_modules\\@esbuild\\netbsd-x64'
110 silly reify ]
111 verbose reify failed optional dependency C:\xampp\htdocs\finhubungins-main\node_modules\@esbuild\linux-x64
112 silly reify mark deleted [
112 silly reify   'C:\\xampp\\htdocs\\finhubungins-main\\node_modules\\@esbuild\\linux-x64'
112 silly reify ]
113 verbose reify failed optional dependency C:\xampp\htdocs\finhubungins-main\node_modules\@esbuild\linux-s390x
114 silly reify mark deleted [
114 silly reify   'C:\\xampp\\htdocs\\finhubungins-main\\node_modules\\@esbuild\\linux-s390x'
114 silly reify ]
115 verbose reify failed optional dependency C:\xampp\htdocs\finhubungins-main\node_modules\@esbuild\linux-riscv64
116 silly reify mark deleted [
116 silly reify   'C:\\xampp\\htdocs\\finhubungins-main\\node_modules\\@esbuild\\linux-riscv64'
116 silly reify ]
117 verbose reify failed optional dependency C:\xampp\htdocs\finhubungins-main\node_modules\@esbuild\linux-ppc64
118 silly reify mark deleted [
118 silly reify   'C:\\xampp\\htdocs\\finhubungins-main\\node_modules\\@esbuild\\linux-ppc64'
118 silly reify ]
119 verbose reify failed optional dependency C:\xampp\htdocs\finhubungins-main\node_modules\@esbuild\linux-mips64el
120 silly reify mark deleted [
120 silly reify   'C:\\xampp\\htdocs\\finhubungins-main\\node_modules\\@esbuild\\linux-mips64el'
120 silly reify ]
121 verbose reify failed optional dependency C:\xampp\htdocs\finhubungins-main\node_modules\@esbuild\linux-loong64
122 silly reify mark deleted [
122 silly reify   'C:\\xampp\\htdocs\\finhubungins-main\\node_modules\\@esbuild\\linux-loong64'
122 silly reify ]
123 verbose reify failed optional dependency C:\xampp\htdocs\finhubungins-main\node_modules\@esbuild\linux-ia32
124 silly reify mark deleted [
124 silly reify   'C:\\xampp\\htdocs\\finhubungins-main\\node_modules\\@esbuild\\linux-ia32'
124 silly reify ]
125 verbose reify failed optional dependency C:\xampp\htdocs\finhubungins-main\node_modules\@esbuild\linux-arm64
126 silly reify mark deleted [
126 silly reify   'C:\\xampp\\htdocs\\finhubungins-main\\node_modules\\@esbuild\\linux-arm64'
126 silly reify ]
127 verbose reify failed optional dependency C:\xampp\htdocs\finhubungins-main\node_modules\@esbuild\linux-arm
128 silly reify mark deleted [
128 silly reify   'C:\\xampp\\htdocs\\finhubungins-main\\node_modules\\@esbuild\\linux-arm'
128 silly reify ]
129 verbose reify failed optional dependency C:\xampp\htdocs\finhubungins-main\node_modules\@esbuild\freebsd-x64
130 silly reify mark deleted [
130 silly reify   'C:\\xampp\\htdocs\\finhubungins-main\\node_modules\\@esbuild\\freebsd-x64'
130 silly reify ]
131 verbose reify failed optional dependency C:\xampp\htdocs\finhubungins-main\node_modules\@esbuild\freebsd-arm64
132 silly reify mark deleted [
132 silly reify   'C:\\xampp\\htdocs\\finhubungins-main\\node_modules\\@esbuild\\freebsd-arm64'
132 silly reify ]
133 verbose reify failed optional dependency C:\xampp\htdocs\finhubungins-main\node_modules\@esbuild\darwin-x64
134 silly reify mark deleted [
134 silly reify   'C:\\xampp\\htdocs\\finhubungins-main\\node_modules\\@esbuild\\darwin-x64'
134 silly reify ]
135 verbose reify failed optional dependency C:\xampp\htdocs\finhubungins-main\node_modules\@esbuild\darwin-arm64
136 silly reify mark deleted [
136 silly reify   'C:\\xampp\\htdocs\\finhubungins-main\\node_modules\\@esbuild\\darwin-arm64'
136 silly reify ]
137 verbose reify failed optional dependency C:\xampp\htdocs\finhubungins-main\node_modules\@esbuild\android-x64
138 silly reify mark deleted [
138 silly reify   'C:\\xampp\\htdocs\\finhubungins-main\\node_modules\\@esbuild\\android-x64'
138 silly reify ]
139 verbose reify failed optional dependency C:\xampp\htdocs\finhubungins-main\node_modules\@esbuild\android-arm64
140 silly reify mark deleted [
140 silly reify   'C:\\xampp\\htdocs\\finhubungins-main\\node_modules\\@esbuild\\android-arm64'
140 silly reify ]
141 verbose reify failed optional dependency C:\xampp\htdocs\finhubungins-main\node_modules\@esbuild\android-arm
142 silly reify mark deleted [
142 silly reify   'C:\\xampp\\htdocs\\finhubungins-main\\node_modules\\@esbuild\\android-arm'
142 silly reify ]
143 verbose reify failed optional dependency C:\xampp\htdocs\finhubungins-main\node_modules\@esbuild\aix-ppc64
144 silly reify mark deleted [
144 silly reify   'C:\\xampp\\htdocs\\finhubungins-main\\node_modules\\@esbuild\\aix-ppc64'
144 silly reify ]
145 http cache vite-plugin-full-reload@https://registry.npmjs.org/vite-plugin-full-reload/-/vite-plugin-full-reload-1.2.0.tgz 2ms (cache hit)
146 http cache vite@https://registry.npmjs.org/vite/-/vite-5.4.21.tgz 0ms (cache hit)
147 http cache update-browserslist-db@https://registry.npmjs.org/update-browserslist-db/-/update-browserslist-db-1.1.4.tgz 0ms (cache hit)
148 http cache tapable@https://registry.npmjs.org/tapable/-/tapable-2.3.0.tgz 0ms (cache hit)
149 http cache tailwindcss@https://registry.npmjs.org/tailwindcss/-/tailwindcss-4.1.17.tgz 0ms (cache hit)
150 http cache source-map-js@https://registry.npmjs.org/source-map-js/-/source-map-js-1.2.1.tgz 0ms (cache hit)
151 http cache rollup@https://registry.npmjs.org/rollup/-/rollup-4.53.3.tgz 0ms (cache hit)
152 http cache proxy-from-env@https://registry.npmjs.org/proxy-from-env/-/proxy-from-env-1.1.0.tgz 0ms (cache hit)
153 http cache postcss-value-parser@https://registry.npmjs.org/postcss-value-parser/-/postcss-value-parser-4.2.0.tgz 0ms (cache hit)
154 http cache postcss@https://registry.npmjs.org/postcss/-/postcss-8.5.6.tgz 0ms (cache hit)
155 http cache picocolors@https://registry.npmjs.org/picocolors/-/picocolors-1.1.1.tgz 0ms (cache hit)
156 http cache picomatch@https://registry.npmjs.org/picomatch/-/picomatch-2.3.1.tgz 0ms (cache hit)
157 http cache normalize-range@https://registry.npmjs.org/normalize-range/-/normalize-range-0.1.2.tgz 0ms (cache hit)
158 http cache nanoid@https://registry.npmjs.org/nanoid/-/nanoid-3.3.11.tgz 0ms (cache hit)
159 http cache node-releases@https://registry.npmjs.org/node-releases/-/node-releases-2.0.27.tgz 0ms (cache hit)
160 http cache mime-types@https://registry.npmjs.org/mime-types/-/mime-types-2.1.35.tgz 0ms (cache hit)
161 http cache mime-db@https://registry.npmjs.org/mime-db/-/mime-db-1.52.0.tgz 0ms (cache hit)
162 http cache math-intrinsics@https://registry.npmjs.org/math-intrinsics/-/math-intrinsics-1.1.0.tgz 0ms (cache hit)
163 http cache magic-string@https://registry.npmjs.org/magic-string/-/magic-string-0.30.21.tgz 0ms (cache hit)
164 http cache lightningcss-win32-x64-msvc@https://registry.npmjs.org/lightningcss-win32-x64-msvc/-/lightningcss-win32-x64-msvc-1.30.2.tgz 0ms (cache hit)
165 http cache lightningcss@https://registry.npmjs.org/lightningcss/-/lightningcss-1.30.2.tgz 0ms (cache hit)
166 http cache laravel-vite-plugin@https://registry.npmjs.org/laravel-vite-plugin/-/laravel-vite-plugin-1.3.0.tgz 0ms (cache hit)
167 http cache jiti@https://registry.npmjs.org/jiti/-/jiti-2.6.1.tgz 0ms (cache hit)
168 http cache has-tostringtag@https://registry.npmjs.org/has-tostringtag/-/has-tostringtag-1.0.2.tgz 0ms (cache hit)
169 http cache hasown@https://registry.npmjs.org/hasown/-/hasown-2.0.2.tgz 0ms (cache hit)
170 http cache has-symbols@https://registry.npmjs.org/has-symbols/-/has-symbols-1.1.0.tgz 0ms (cache hit)
171 http cache graceful-fs@https://registry.npmjs.org/graceful-fs/-/graceful-fs-4.2.11.tgz 0ms (cache hit)
172 http cache gopd@https://registry.npmjs.org/gopd/-/gopd-1.2.0.tgz 0ms (cache hit)
173 http cache get-proto@https://registry.npmjs.org/get-proto/-/get-proto-1.0.1.tgz 0ms (cache hit)
174 http cache get-intrinsic@https://registry.npmjs.org/get-intrinsic/-/get-intrinsic-1.3.0.tgz 0ms (cache hit)
175 http cache function-bind@https://registry.npmjs.org/function-bind/-/function-bind-1.1.2.tgz 0ms (cache hit)
176 http cache fraction.js@https://registry.npmjs.org/fraction.js/-/fraction.js-5.3.4.tgz 0ms (cache hit)
177 http cache form-data@https://registry.npmjs.org/form-data/-/form-data-4.0.5.tgz 0ms (cache hit)
178 http cache escalade@https://registry.npmjs.org/escalade/-/escalade-3.2.0.tgz 0ms (cache hit)
179 http cache esbuild@https://registry.npmjs.org/esbuild/-/esbuild-0.21.5.tgz 0ms (cache hit)
180 http cache follow-redirects@https://registry.npmjs.org/follow-redirects/-/follow-redirects-1.15.11.tgz 0ms (cache hit)
181 http cache es-set-tostringtag@https://registry.npmjs.org/es-set-tostringtag/-/es-set-tostringtag-2.1.0.tgz 0ms (cache hit)
182 http cache es-object-atoms@https://registry.npmjs.org/es-object-atoms/-/es-object-atoms-1.1.1.tgz 0ms (cache hit)
183 http cache es-errors@https://registry.npmjs.org/es-errors/-/es-errors-1.3.0.tgz 0ms (cache hit)
184 http cache es-define-property@https://registry.npmjs.org/es-define-property/-/es-define-property-1.0.1.tgz 0ms (cache hit)
185 http cache enhanced-resolve@https://registry.npmjs.org/enhanced-resolve/-/enhanced-resolve-5.18.3.tgz 0ms (cache hit)
186 http cache electron-to-chromium@https://registry.npmjs.org/electron-to-chromium/-/electron-to-chromium-1.5.260.tgz 0ms (cache hit)
187 http cache detect-libc@https://registry.npmjs.org/detect-libc/-/detect-libc-2.1.2.tgz 0ms (cache hit)
188 http cache dunder-proto@https://registry.npmjs.org/dunder-proto/-/dunder-proto-1.0.1.tgz 0ms (cache hit)
189 http cache delayed-stream@https://registry.npmjs.org/delayed-stream/-/delayed-stream-1.0.0.tgz 0ms (cache hit)
190 http cache combined-stream@https://registry.npmjs.org/combined-stream/-/combined-stream-1.0.8.tgz 0ms (cache hit)
191 http cache call-bind-apply-helpers@https://registry.npmjs.org/call-bind-apply-helpers/-/call-bind-apply-helpers-1.0.2.tgz 0ms (cache hit)
192 http cache caniuse-lite@https://registry.npmjs.org/caniuse-lite/-/caniuse-lite-1.0.30001757.tgz 0ms (cache hit)
193 http cache baseline-browser-mapping@https://registry.npmjs.org/baseline-browser-mapping/-/baseline-browser-mapping-2.8.31.tgz 0ms (cache hit)
194 http cache axios@https://registry.npmjs.org/axios/-/axios-1.13.2.tgz 0ms (cache hit)
195 http cache autoprefixer@https://registry.npmjs.org/autoprefixer/-/autoprefixer-10.4.22.tgz 0ms (cache hit)
196 http cache asynckit@https://registry.npmjs.org/asynckit/-/asynckit-0.4.0.tgz 0ms (cache hit)
197 http cache @types/estree@https://registry.npmjs.org/@types/estree/-/estree-1.0.8.tgz 0ms (cache hit)
198 http cache @tailwindcss/vite@https://registry.npmjs.org/@tailwindcss/vite/-/vite-4.1.17.tgz 0ms (cache hit)
199 http cache @rollup/rollup-win32-x64-msvc@https://registry.npmjs.org/@rollup/rollup-win32-x64-msvc/-/rollup-win32-x64-msvc-4.53.3.tgz 0ms (cache hit)
200 http cache @tailwindcss/oxide-win32-x64-msvc@https://registry.npmjs.org/@tailwindcss/oxide-win32-x64-msvc/-/oxide-win32-x64-msvc-4.1.17.tgz 0ms (cache hit)
201 http cache @tailwindcss/oxide@https://registry.npmjs.org/@tailwindcss/oxide/-/oxide-4.1.17.tgz 0ms (cache hit)
202 http cache @tailwindcss/node@https://registry.npmjs.org/@tailwindcss/node/-/node-4.1.17.tgz 0ms (cache hit)
203 http cache @rollup/rollup-win32-x64-gnu@https://registry.npmjs.org/@rollup/rollup-win32-x64-gnu/-/rollup-win32-x64-gnu-4.53.3.tgz 0ms (cache hit)
204 http cache @jridgewell/trace-mapping@https://registry.npmjs.org/@jridgewell/trace-mapping/-/trace-mapping-0.3.31.tgz 0ms (cache hit)
205 http cache @jridgewell/sourcemap-codec@https://registry.npmjs.org/@jridgewell/sourcemap-codec/-/sourcemap-codec-1.5.5.tgz 0ms (cache hit)
206 http cache @jridgewell/resolve-uri@https://registry.npmjs.org/@jridgewell/resolve-uri/-/resolve-uri-3.1.2.tgz 0ms (cache hit)
207 http cache browserslist@https://registry.npmjs.org/browserslist/-/browserslist-4.28.0.tgz 0ms (cache hit)
208 http cache @esbuild/win32-x64@https://registry.npmjs.org/@esbuild/win32-x64/-/win32-x64-0.21.5.tgz 0ms (cache hit)
209 http fetch GET 200 https://registry.npmjs.org/npm 474ms
210 http cache @jridgewell/remapping@https://registry.npmjs.org/@jridgewell/remapping/-/remapping-2.3.5.tgz 1ms (cache hit)
211 http cache @jridgewell/gen-mapping@https://registry.npmjs.org/@jridgewell/gen-mapping/-/gen-mapping-0.3.13.tgz 0ms (cache hit)
212 http fetch POST 200 https://registry.npmjs.org/-/npm/v1/security/advisories/bulk 708ms
213 silly audit report {
213 silly audit report   axios: [
213 silly audit report     {
213 silly audit report       id: 1113275,
213 silly audit report       url: 'https://github.com/advisories/GHSA-43fc-jf86-j433',
213 silly audit report       title: 'Axios is Vulnerable to Denial of Service via __proto__ Key in mergeConfig',
213 silly audit report       severity: 'high',
213 silly audit report       vulnerable_versions: '>=1.0.0 <=1.13.4',
213 silly audit report       cwe: [Array],
213 silly audit report       cvss: [Object]
213 silly audit report     }
213 silly audit report   ],
213 silly audit report   esbuild: [
213 silly audit report     {
213 silly audit report       id: 1102341,
213 silly audit report       url: 'https://github.com/advisories/GHSA-67mh-4wv8-2f99',
213 silly audit report       title: 'esbuild enables any website to send any requests to the development server and read the response',
213 silly audit report       severity: 'moderate',
213 silly audit report       vulnerable_versions: '<=0.24.2',
213 silly audit report       cwe: [Array],
213 silly audit report       cvss: [Object]
213 silly audit report     }
213 silly audit report   ],
213 silly audit report   picomatch: [
213 silly audit report     {
213 silly audit report       id: 1115549,
213 silly audit report       url: 'https://github.com/advisories/GHSA-3v7f-55p6-f55p',
213 silly audit report       title: 'Picomatch: Method Injection in POSIX Character Classes causes incorrect Glob Matching',
213 silly audit report       severity: 'moderate',
213 silly audit report       vulnerable_versions: '<2.3.2',
213 silly audit report       cwe: [Array],
213 silly audit report       cvss: [Object]
213 silly audit report     },
213 silly audit report     {
213 silly audit report       id: 1115552,
213 silly audit report       url: 'https://github.com/advisories/GHSA-c2c7-rcm5-vvqj',
213 silly audit report       title: 'Picomatch has a ReDoS vulnerability via extglob quantifiers',
213 silly audit report       severity: 'high',
213 silly audit report       vulnerable_versions: '<2.3.2',
213 silly audit report       cwe: [Array],
213 silly audit report       cvss: [Object]
213 silly audit report     }
213 silly audit report   ],
213 silly audit report   rollup: [
213 silly audit report     {
213 silly audit report       id: 1113515,
213 silly audit report       url: 'https://github.com/advisories/GHSA-mw96-cpmx-2vgc',
213 silly audit report       title: 'Rollup 4 has Arbitrary File Write via Path Traversal',
213 silly audit report       severity: 'high',
213 silly audit report       vulnerable_versions: '>=4.0.0 <4.59.0',
213 silly audit report       cwe: [Array],
213 silly audit report       cvss: [Object]
213 silly audit report     }
213 silly audit report   ]
213 silly audit report }
214 silly packumentCache corgi:https://registry.npmjs.org/axios cache-miss
215 silly packumentCache corgi:https://registry.npmjs.org/esbuild cache-miss
216 silly packumentCache corgi:https://registry.npmjs.org/picomatch cache-miss
217 silly packumentCache corgi:https://registry.npmjs.org/rollup cache-miss
218 http fetch GET 200 https://registry.npmjs.org/picomatch 701ms (cache miss)
219 silly packumentCache corgi:https://registry.npmjs.org/picomatch set size:undefined disposed:false
220 http fetch GET 200 https://registry.npmjs.org/axios 834ms (cache miss)
221 silly packumentCache corgi:https://registry.npmjs.org/axios set size:undefined disposed:false
222 http fetch GET 200 https://registry.npmjs.org/esbuild 1429ms (cache updated)
223 silly packumentCache corgi:https://registry.npmjs.org/esbuild set size:undefined disposed:false
224 http fetch GET 200 https://registry.npmjs.org/rollup 2201ms (cache miss)
225 silly packumentCache corgi:https://registry.npmjs.org/rollup set size:undefined disposed:false
226 silly packumentCache corgi:https://registry.npmjs.org/vite cache-miss
227 http fetch GET 200 https://registry.npmjs.org/vite 1236ms (cache updated)
228 silly packumentCache corgi:https://registry.npmjs.org/vite set size:undefined disposed:false
229 silly packumentCache corgi:https://registry.npmjs.org/vite-plugin-full-reload cache-miss
230 http fetch GET 200 https://registry.npmjs.org/vite-plugin-full-reload 570ms (cache miss)
231 silly packumentCache corgi:https://registry.npmjs.org/vite-plugin-full-reload set size:undefined disposed:false
232 silly packumentCache corgi:https://registry.npmjs.org/@tailwindcss%2fvite cache-miss
233 silly packumentCache corgi:https://registry.npmjs.org/laravel-vite-plugin cache-miss
234 http fetch GET 200 https://registry.npmjs.org/laravel-vite-plugin 120ms (cache updated)
235 silly packumentCache corgi:https://registry.npmjs.org/laravel-vite-plugin set size:undefined disposed:false
236 info run esbuild@0.21.5 postinstall node_modules/esbuild node install.js
237 http fetch GET 200 https://registry.npmjs.org/@tailwindcss%2fvite 766ms (cache updated)
238 silly packumentCache corgi:https://registry.npmjs.org/@tailwindcss%2fvite set size:undefined disposed:false
239 info run esbuild@0.21.5 postinstall { code: 0, signal: null }
240 silly ADD node_modules/vite-plugin-full-reload
241 silly ADD node_modules/vite
242 silly ADD node_modules/update-browserslist-db
243 silly ADD node_modules/tapable
244 silly ADD node_modules/tailwindcss
245 silly ADD node_modules/source-map-js
246 silly ADD node_modules/rollup
247 silly ADD node_modules/proxy-from-env
248 silly ADD node_modules/postcss-value-parser
249 silly ADD node_modules/postcss
250 silly ADD node_modules/picomatch
251 silly ADD node_modules/picocolors
252 silly ADD node_modules/normalize-range
253 silly ADD node_modules/node-releases
254 silly ADD node_modules/nanoid
255 silly ADD node_modules/mime-types
256 silly ADD node_modules/mime-db
257 silly ADD node_modules/math-intrinsics
258 silly ADD node_modules/magic-string
259 silly ADD node_modules/lightningcss-win32-x64-msvc
260 silly ADD
261 silly ADD
262 silly ADD
263 silly ADD
264 silly ADD
265 silly ADD
266 silly ADD
267 silly ADD
268 silly ADD
269 silly ADD
270 silly ADD node_modules/lightningcss
271 silly ADD node_modules/laravel-vite-plugin
272 silly ADD node_modules/jiti
273 silly ADD node_modules/hasown
274 silly ADD node_modules/has-tostringtag
275 silly ADD node_modules/has-symbols
276 silly ADD node_modules/graceful-fs
277 silly ADD node_modules/gopd
278 silly ADD node_modules/get-proto
279 silly ADD node_modules/get-intrinsic
280 silly ADD node_modules/function-bind
281 silly ADD
282 silly ADD node_modules/fraction.js
283 silly ADD node_modules/form-data
284 silly ADD node_modules/follow-redirects
285 silly ADD node_modules/escalade
286 silly ADD node_modules/esbuild
287 silly ADD node_modules/es-set-tostringtag
288 silly ADD node_modules/es-object-atoms
289 silly ADD node_modules/es-errors
290 silly ADD node_modules/es-define-property
291 silly ADD node_modules/enhanced-resolve
292 silly ADD node_modules/electron-to-chromium
293 silly ADD node_modules/dunder-proto
294 silly ADD node_modules/detect-libc
295 silly ADD node_modules/delayed-stream
296 silly ADD node_modules/combined-stream
297 silly ADD node_modules/caniuse-lite
298 silly ADD node_modules/call-bind-apply-helpers
299 silly ADD node_modules/browserslist
300 silly ADD node_modules/baseline-browser-mapping
301 silly ADD node_modules/axios
302 silly ADD node_modules/autoprefixer
303 silly ADD node_modules/asynckit
304 silly ADD node_modules/@types/estree
305 silly ADD node_modules/@tailwindcss/vite
306 silly ADD node_modules/@tailwindcss/oxide-win32-x64-msvc
307 silly ADD
308 silly ADD
309 silly ADD
310 silly ADD
311 silly ADD
312 silly ADD
313 silly ADD
314 silly ADD
315 silly ADD
316 silly ADD
317 silly ADD
318 silly ADD node_modules/@tailwindcss/oxide
319 silly ADD node_modules/@tailwindcss/node
320 silly ADD node_modules/@rollup/rollup-win32-x64-msvc
321 silly ADD node_modules/@rollup/rollup-win32-x64-gnu
322 silly ADD
323 silly ADD
324 silly ADD
325 silly ADD
326 silly ADD
327 silly ADD
328 silly ADD
329 silly ADD
330 silly ADD
331 silly ADD
332 silly ADD
333 silly ADD
334 silly ADD
335 silly ADD
336 silly ADD
337 silly ADD
338 silly ADD
339 silly ADD
340 silly ADD
341 silly ADD
342 silly ADD node_modules/@jridgewell/trace-mapping
343 silly ADD node_modules/@jridgewell/sourcemap-codec
344 silly ADD node_modules/@jridgewell/resolve-uri
345 silly ADD node_modules/@jridgewell/remapping
346 silly ADD node_modules/@jridgewell/gen-mapping
347 silly ADD node_modules/@esbuild/win32-x64
348 silly ADD
349 silly ADD
350 silly ADD
351 silly ADD
352 silly ADD
353 silly ADD
354 silly ADD
355 silly ADD
356 silly ADD
357 silly ADD
358 silly ADD
359 silly ADD
360 silly ADD
361 silly ADD
362 silly ADD
363 silly ADD
364 silly ADD
365 silly ADD
366 silly ADD
367 silly ADD
368 silly ADD
369 silly ADD
370 verbose cwd C:\xampp\htdocs\finhubungins-main
371 verbose os Windows_NT 10.0.26200
372 verbose node v22.20.0
373 verbose npm  v10.9.3
374 notice
374 notice New [31mmajor[39m version of npm available! [31m10.9.3[39m -> [34m11.12.1[39m
374 notice Changelog: [34mhttps://github.com/npm/cli/releases/tag/v11.12.1[39m
374 notice To update run: [4mnpm install -g npm@11.12.1[24m
374 notice  { force: true, [Symbol(proc-log.meta)]: true }
375 verbose exit 0
376 info ok
